0011111111111100000000000000000000000000000000000000000000000000
