1011111111111110000000000000000000000000000000000000000000000000
