000001110000001100000001000001110000001100000001000001110000001100000001
