0011111111111000000000000000000000000000000000000000000000000000
