01000000000010101111111111100000000000000000000000000000000000000000000000000000
