01000000000111101000000000000000000000000000001000000000000000000000000000000000
