0.1 0.01 0.001 0.0001 1e-05 1e-06 1e-07 -nan -nan -nan 